line: we are in 6.1centos7.8
line1: mytemp line on 6.1centos7.8
line1-1: mytemp line on 6.1centos
line3: we are in 6.1centos
